Q(x, z) :- T(12, 'x'), R(4, z), S(x, 4), T(14, 'y')